=== Optimizer Dump ===
returns_result: false
has_ref_opstate: true
has_rc_opstate: false
has_fast_callback_option: false
needs_fast_callback_option: false
fast_result: Some(U32)
fast_parameters: [V8Value, U32, U32, SeqOneByteString, Bool]
transforms: {3: Transform { kind: SeqOneByteString(Ref), index: 3 }}
is_async: false
fast_compatible: true
